// Jest Snapshot v1, https://goo.gl/fbAQLP

exports[`tests in <TaskFilter/> should render the component correctly 1`] = `
<Fragment>
  <form
    className="filter-todos"
    onChange={[Function]}
  >
    <input
      className="form-check-input"
      id="null"
      name="filer"
      type="radio"
      value="null"
    />
    <label
      className="form-check-label"
      for="null"
    >
      All
    </label>
    <input
      className="form-check-input"
      id="true"
      name="filer"
      type="radio"
      value="true"
    />
    <label
      className="form-check-label"
      for="true"
    >
      Done
    </label>
    <input
      className="form-check-input"
      id="false"
      name="filer"
      type="radio"
      value="false"
    />
    <label
      className="form-check-label"
      for="false"
    >
      NotDone
    </label>
  </form>
</Fragment>
`;
